// Jest Snapshot v1, https://goo.gl/fbAQLP

exports[`Participant component renders a participant 1`] = `[Function]`;
